// Jest Snapshot v1, https://goo.gl/fbAQLP

exports[`should render home page 1`] = `
<div>
  Home Page Content
</div>
`;
